
 /----------------------------------------------------------------------------\
 |  yosys -- Yosys Open SYnthesis Suite                                       |
 |  Copyright (C) 2012 - 2024  Claire Xenia Wolf <claire@yosyshq.com>         |
 |  Distributed under an ISC-like license, type "license" to see terms        |
 \----------------------------------------------------------------------------/
 Yosys 0.46+124 (git sha1 d1695ad99, clang++ 14.0.0-1ubuntu1.1 -fPIC -O3)

-- Executing script file `design_prep.ys' --

1. Executing RTLIL frontend.
Input filename: design.il

2. Executing SCC pass (detecting logic loops).
Found 0 SCCs in module nerv_extended_wrapper.
Found 0 SCCs in module nerv.
Found 0 SCCs in module RiscvTrans.
Found 0 SCCs in module RiscvCore.
Found 0 SCCs in module CheckerWrapper.
Found 0 SCCs in module CheckerWithResult.
Found 0 SCCs.

3. Executing SIMPLEMAP pass (map simple cells to gate primitives).

4. Executing MEMORY_NORDFF pass (extracting $dff cells from memories).

5. Executing ASYNC2SYNC pass.
Replacing nerv_extended_wrapper.$auto$proc_dlatch.cc:433:proc_dlatch$16452 ($dlatch): EN=$auto$rtlil.cc:2728:ReduceOr$16595, D={ 31'0000000000000000000000000000000 $0\shadow_regfile[10][31:0] }, Q=\shadow_regfile[31]
Replacing nerv_extended_wrapper.$auto$proc_dlatch.cc:433:proc_dlatch$16307 ($dlatch): EN=$auto$rtlil.cc:2728:ReduceOr$16450, D={ 31'0000000000000000000000000000000 $0\shadow_regfile[10][31:0] }, Q=\shadow_regfile[30]
Replacing nerv_extended_wrapper.$auto$proc_dlatch.cc:433:proc_dlatch$16162 ($dlatch): EN=$auto$rtlil.cc:2728:ReduceOr$16305, D={ 31'0000000000000000000000000000000 $0\shadow_regfile[10][31:0] }, Q=\shadow_regfile[29]
Replacing nerv_extended_wrapper.$auto$proc_dlatch.cc:433:proc_dlatch$16017 ($dlatch): EN=$auto$rtlil.cc:2728:ReduceOr$16160, D={ 31'0000000000000000000000000000000 $0\shadow_regfile[10][31:0] }, Q=\shadow_regfile[28]
Replacing nerv_extended_wrapper.$auto$proc_dlatch.cc:433:proc_dlatch$15872 ($dlatch): EN=$auto$rtlil.cc:2728:ReduceOr$16015, D={ 31'0000000000000000000000000000000 $0\shadow_regfile[10][31:0] }, Q=\shadow_regfile[27]
Replacing nerv_extended_wrapper.$auto$proc_dlatch.cc:433:proc_dlatch$15727 ($dlatch): EN=$auto$rtlil.cc:2728:ReduceOr$15870, D={ 31'0000000000000000000000000000000 $0\shadow_regfile[10][31:0] }, Q=\shadow_regfile[26]
Replacing nerv_extended_wrapper.$auto$proc_dlatch.cc:433:proc_dlatch$15582 ($dlatch): EN=$auto$rtlil.cc:2728:ReduceOr$15725, D={ 31'0000000000000000000000000000000 $0\shadow_regfile[10][31:0] }, Q=\shadow_regfile[25]
Replacing nerv_extended_wrapper.$auto$proc_dlatch.cc:433:proc_dlatch$15437 ($dlatch): EN=$auto$rtlil.cc:2728:ReduceOr$15580, D={ 31'0000000000000000000000000000000 $0\shadow_regfile[10][31:0] }, Q=\shadow_regfile[24]
Replacing nerv_extended_wrapper.$auto$proc_dlatch.cc:433:proc_dlatch$15292 ($dlatch): EN=$auto$rtlil.cc:2728:ReduceOr$15435, D={ 31'0000000000000000000000000000000 $0\shadow_regfile[10][31:0] }, Q=\shadow_regfile[23]
Replacing nerv_extended_wrapper.$auto$proc_dlatch.cc:433:proc_dlatch$15147 ($dlatch): EN=$auto$rtlil.cc:2728:ReduceOr$15290, D={ 31'0000000000000000000000000000000 $0\shadow_regfile[10][31:0] }, Q=\shadow_regfile[22]
Replacing nerv_extended_wrapper.$auto$proc_dlatch.cc:433:proc_dlatch$15002 ($dlatch): EN=$auto$rtlil.cc:2728:ReduceOr$15145, D={ 31'0000000000000000000000000000000 $0\shadow_regfile[10][31:0] }, Q=\shadow_regfile[21]
Replacing nerv_extended_wrapper.$auto$proc_dlatch.cc:433:proc_dlatch$14857 ($dlatch): EN=$auto$rtlil.cc:2728:ReduceOr$15000, D={ 31'0000000000000000000000000000000 $0\shadow_regfile[10][31:0] }, Q=\shadow_regfile[20]
Replacing nerv_extended_wrapper.$auto$proc_dlatch.cc:433:proc_dlatch$14712 ($dlatch): EN=$auto$rtlil.cc:2728:ReduceOr$14855, D={ 31'0000000000000000000000000000000 $0\shadow_regfile[10][31:0] }, Q=\shadow_regfile[19]
Replacing nerv_extended_wrapper.$auto$proc_dlatch.cc:433:proc_dlatch$14567 ($dlatch): EN=$auto$rtlil.cc:2728:ReduceOr$14710, D={ 31'0000000000000000000000000000000 $0\shadow_regfile[10][31:0] }, Q=\shadow_regfile[18]
Replacing nerv_extended_wrapper.$auto$proc_dlatch.cc:433:proc_dlatch$14422 ($dlatch): EN=$auto$rtlil.cc:2728:ReduceOr$14565, D={ 31'0000000000000000000000000000000 $0\shadow_regfile[10][31:0] }, Q=\shadow_regfile[17]
Replacing nerv_extended_wrapper.$auto$proc_dlatch.cc:433:proc_dlatch$14277 ($dlatch): EN=$auto$rtlil.cc:2728:ReduceOr$14420, D={ 31'0000000000000000000000000000000 $0\shadow_regfile[10][31:0] }, Q=\shadow_regfile[16]
Replacing nerv_extended_wrapper.$auto$proc_dlatch.cc:433:proc_dlatch$14132 ($dlatch): EN=$auto$rtlil.cc:2728:ReduceOr$14275, D={ 31'0000000000000000000000000000000 $0\shadow_regfile[10][31:0] }, Q=\shadow_regfile[15]
Replacing nerv_extended_wrapper.$auto$proc_dlatch.cc:433:proc_dlatch$13987 ($dlatch): EN=$auto$rtlil.cc:2728:ReduceOr$14130, D={ 31'0000000000000000000000000000000 $0\shadow_regfile[10][31:0] }, Q=\shadow_regfile[14]
Replacing nerv_extended_wrapper.$auto$proc_dlatch.cc:433:proc_dlatch$13842 ($dlatch): EN=$auto$rtlil.cc:2728:ReduceOr$13985, D={ 31'0000000000000000000000000000000 $0\shadow_regfile[10][31:0] }, Q=\shadow_regfile[13]
Replacing nerv_extended_wrapper.$auto$proc_dlatch.cc:433:proc_dlatch$13697 ($dlatch): EN=$auto$rtlil.cc:2728:ReduceOr$13840, D={ 31'0000000000000000000000000000000 $0\shadow_regfile[10][31:0] }, Q=\shadow_regfile[12]
Replacing nerv_extended_wrapper.$auto$proc_dlatch.cc:433:proc_dlatch$13552 ($dlatch): EN=$auto$rtlil.cc:2728:ReduceOr$13695, D={ 31'0000000000000000000000000000000 $0\shadow_regfile[10][31:0] }, Q=\shadow_regfile[11]
Replacing nerv_extended_wrapper.$auto$proc_dlatch.cc:433:proc_dlatch$13407 ($dlatch): EN=$auto$rtlil.cc:2728:ReduceOr$13550, D={ 31'0000000000000000000000000000000 $0\shadow_regfile[10][31:0] }, Q=\shadow_regfile[10]
Replacing nerv_extended_wrapper.$auto$proc_dlatch.cc:433:proc_dlatch$13262 ($dlatch): EN=$auto$rtlil.cc:2728:ReduceOr$13405, D={ 31'0000000000000000000000000000000 $0\shadow_regfile[10][31:0] }, Q=\shadow_regfile[9]
Replacing nerv_extended_wrapper.$auto$proc_dlatch.cc:433:proc_dlatch$13117 ($dlatch): EN=$auto$rtlil.cc:2728:ReduceOr$13260, D={ 31'0000000000000000000000000000000 $0\shadow_regfile[10][31:0] }, Q=\shadow_regfile[8]
Replacing nerv_extended_wrapper.$auto$proc_dlatch.cc:433:proc_dlatch$12972 ($dlatch): EN=$auto$rtlil.cc:2728:ReduceOr$13115, D={ 31'0000000000000000000000000000000 $0\shadow_regfile[10][31:0] }, Q=\shadow_regfile[7]
Replacing nerv_extended_wrapper.$auto$proc_dlatch.cc:433:proc_dlatch$12827 ($dlatch): EN=$auto$rtlil.cc:2728:ReduceOr$12970, D={ 31'0000000000000000000000000000000 $0\shadow_regfile[10][31:0] }, Q=\shadow_regfile[6]
Replacing nerv_extended_wrapper.$auto$proc_dlatch.cc:433:proc_dlatch$12682 ($dlatch): EN=$auto$rtlil.cc:2728:ReduceOr$12825, D={ 31'0000000000000000000000000000000 $0\shadow_regfile[10][31:0] }, Q=\shadow_regfile[5]
Replacing nerv_extended_wrapper.$auto$proc_dlatch.cc:433:proc_dlatch$12537 ($dlatch): EN=$auto$rtlil.cc:2728:ReduceOr$12680, D={ 31'0000000000000000000000000000000 $0\shadow_regfile[10][31:0] }, Q=\shadow_regfile[4]
Replacing nerv_extended_wrapper.$auto$proc_dlatch.cc:433:proc_dlatch$12392 ($dlatch): EN=$auto$rtlil.cc:2728:ReduceOr$12535, D={ 31'0000000000000000000000000000000 $0\shadow_regfile[10][31:0] }, Q=\shadow_regfile[3]
Replacing nerv_extended_wrapper.$auto$proc_dlatch.cc:433:proc_dlatch$12247 ($dlatch): EN=$auto$rtlil.cc:2728:ReduceOr$12390, D={ 31'0000000000000000000000000000000 $0\shadow_regfile[10][31:0] }, Q=\shadow_regfile[2]
Replacing nerv_extended_wrapper.$auto$proc_dlatch.cc:433:proc_dlatch$12102 ($dlatch): EN=$auto$rtlil.cc:2728:ReduceOr$12245, D={ 31'0000000000000000000000000000000 $0\shadow_regfile[10][31:0] }, Q=\shadow_regfile[1]

6. Executing OPT_CLEAN pass (remove unused cells and wires).
Finding unused cells or wires in module \nerv_extended_wrapper..
Finding unused cells or wires in module \nerv..
Finding unused cells or wires in module \RiscvTrans..
Finding unused cells or wires in module \RiscvCore..
Finding unused cells or wires in module \CheckerWrapper..
Finding unused cells or wires in module \CheckerWithResult..
Removed 191 unused cells and 223 unused wires.
<suppressed ~194 debug messages>

7. Executing FORMALFF pass.

8. Executing OPT_CLEAN pass (remove unused cells and wires).
Finding unused cells or wires in module \CheckerWithResult..
Finding unused cells or wires in module \CheckerWrapper..
Finding unused cells or wires in module \RiscvCore..
Finding unused cells or wires in module \RiscvTrans..
Finding unused cells or wires in module \nerv..
Finding unused cells or wires in module \nerv_extended_wrapper..
Removed 5 unused cells and 5 unused wires.
<suppressed ~10 debug messages>

9. Executing CHECK pass (checking for obvious problems).
Checking module CheckerWithResult...
Checking module CheckerWrapper...
Checking module RiscvCore...
Checking module RiscvTrans...
Checking module nerv...
Checking module nerv_extended_wrapper...
Warning: Wire nerv_extended_wrapper.\result_csr_stvec [0] is used but has no driver.
Warning: Wire nerv_extended_wrapper.\result_csr_stval [0] is used but has no driver.
Warning: Wire nerv_extended_wrapper.\result_csr_sscratch [0] is used but has no driver.
Warning: Wire nerv_extended_wrapper.\result_csr_sepc [0] is used but has no driver.
Warning: Wire nerv_extended_wrapper.\result_csr_scounteren [0] is used but has no driver.
Warning: Wire nerv_extended_wrapper.\result_csr_scause [0] is used but has no driver.
Warning: Wire nerv_extended_wrapper.\result_csr_satp [0] is used but has no driver.
Warning: Wire nerv_extended_wrapper.\result_csr_pmpcfg3 [0] is used but has no driver.
Warning: Wire nerv_extended_wrapper.\result_csr_pmpcfg2 [0] is used but has no driver.
Warning: Wire nerv_extended_wrapper.\result_csr_pmpcfg1 [0] is used but has no driver.
Warning: Wire nerv_extended_wrapper.\result_csr_pmpcfg0 [0] is used but has no driver.
Warning: Wire nerv_extended_wrapper.\result_csr_pmpaddr3 [0] is used but has no driver.
Warning: Wire nerv_extended_wrapper.\result_csr_pmpaddr2 [0] is used but has no driver.
Warning: Wire nerv_extended_wrapper.\result_csr_pmpaddr1 [0] is used but has no driver.
Warning: Wire nerv_extended_wrapper.\result_csr_pmpaddr0 [0] is used but has no driver.
Warning: Wire nerv_extended_wrapper.\result_csr_mideleg [0] is used but has no driver.
Warning: Wire nerv_extended_wrapper.\result_csr_medeleg [0] is used but has no driver.
Warning: Wire nerv_extended_wrapper.\result_csr_cycle [0] is used but has no driver.
Warning: Wire nerv_extended_wrapper.\instCommit_pc [31] is used but has no driver.
Warning: Wire nerv_extended_wrapper.\instCommit_pc [30] is used but has no driver.
Warning: Wire nerv_extended_wrapper.\instCommit_pc [29] is used but has no driver.
Warning: Wire nerv_extended_wrapper.\instCommit_pc [28] is used but has no driver.
Warning: Wire nerv_extended_wrapper.\instCommit_pc [27] is used but has no driver.
Warning: Wire nerv_extended_wrapper.\instCommit_pc [26] is used but has no driver.
Warning: Wire nerv_extended_wrapper.\instCommit_pc [25] is used but has no driver.
Warning: Wire nerv_extended_wrapper.\instCommit_pc [24] is used but has no driver.
Warning: Wire nerv_extended_wrapper.\instCommit_pc [23] is used but has no driver.
Warning: Wire nerv_extended_wrapper.\instCommit_pc [22] is used but has no driver.
Warning: Wire nerv_extended_wrapper.\instCommit_pc [21] is used but has no driver.
Warning: Wire nerv_extended_wrapper.\instCommit_pc [20] is used but has no driver.
Warning: Wire nerv_extended_wrapper.\instCommit_pc [19] is used but has no driver.
Warning: Wire nerv_extended_wrapper.\instCommit_pc [18] is used but has no driver.
Warning: Wire nerv_extended_wrapper.\instCommit_pc [17] is used but has no driver.
Warning: Wire nerv_extended_wrapper.\instCommit_pc [16] is used but has no driver.
Warning: Wire nerv_extended_wrapper.\instCommit_pc [15] is used but has no driver.
Warning: Wire nerv_extended_wrapper.\instCommit_pc [14] is used but has no driver.
Warning: Wire nerv_extended_wrapper.\instCommit_pc [13] is used but has no driver.
Warning: Wire nerv_extended_wrapper.\instCommit_pc [12] is used but has no driver.
Warning: Wire nerv_extended_wrapper.\instCommit_pc [11] is used but has no driver.
Warning: Wire nerv_extended_wrapper.\instCommit_pc [10] is used but has no driver.
Warning: Wire nerv_extended_wrapper.\instCommit_pc [9] is used but has no driver.
Warning: Wire nerv_extended_wrapper.\instCommit_pc [8] is used but has no driver.
Warning: Wire nerv_extended_wrapper.\instCommit_pc [7] is used but has no driver.
Warning: Wire nerv_extended_wrapper.\instCommit_pc [6] is used but has no driver.
Warning: Wire nerv_extended_wrapper.\instCommit_pc [5] is used but has no driver.
Warning: Wire nerv_extended_wrapper.\instCommit_pc [4] is used but has no driver.
Warning: Wire nerv_extended_wrapper.\instCommit_pc [3] is used but has no driver.
Warning: Wire nerv_extended_wrapper.\instCommit_pc [2] is used but has no driver.
Warning: Wire nerv_extended_wrapper.\instCommit_pc [1] is used but has no driver.
Warning: Wire nerv_extended_wrapper.\instCommit_pc [0] is used but has no driver.
Warning: Wire nerv_extended_wrapper.\event_exceptionPC [0] is used but has no driver.
Warning: Wire nerv_extended_wrapper.\event_exceptionInst [31] is used but has no driver.
Warning: Wire nerv_extended_wrapper.\event_exceptionInst [30] is used but has no driver.
Warning: Wire nerv_extended_wrapper.\event_exceptionInst [29] is used but has no driver.
Warning: Wire nerv_extended_wrapper.\event_exceptionInst [28] is used but has no driver.
Warning: Wire nerv_extended_wrapper.\event_exceptionInst [27] is used but has no driver.
Warning: Wire nerv_extended_wrapper.\event_exceptionInst [26] is used but has no driver.
Warning: Wire nerv_extended_wrapper.\event_exceptionInst [25] is used but has no driver.
Warning: Wire nerv_extended_wrapper.\event_exceptionInst [24] is used but has no driver.
Warning: Wire nerv_extended_wrapper.\event_exceptionInst [23] is used but has no driver.
Warning: Wire nerv_extended_wrapper.\event_exceptionInst [22] is used but has no driver.
Warning: Wire nerv_extended_wrapper.\event_exceptionInst [21] is used but has no driver.
Warning: Wire nerv_extended_wrapper.\event_exceptionInst [20] is used but has no driver.
Warning: Wire nerv_extended_wrapper.\event_exceptionInst [19] is used but has no driver.
Warning: Wire nerv_extended_wrapper.\event_exceptionInst [18] is used but has no driver.
Warning: Wire nerv_extended_wrapper.\event_exceptionInst [17] is used but has no driver.
Warning: Wire nerv_extended_wrapper.\event_exceptionInst [16] is used but has no driver.
Warning: Wire nerv_extended_wrapper.\event_exceptionInst [15] is used but has no driver.
Warning: Wire nerv_extended_wrapper.\event_exceptionInst [14] is used but has no driver.
Warning: Wire nerv_extended_wrapper.\event_exceptionInst [13] is used but has no driver.
Warning: Wire nerv_extended_wrapper.\event_exceptionInst [12] is used but has no driver.
Warning: Wire nerv_extended_wrapper.\event_exceptionInst [11] is used but has no driver.
Warning: Wire nerv_extended_wrapper.\event_exceptionInst [10] is used but has no driver.
Warning: Wire nerv_extended_wrapper.\event_exceptionInst [9] is used but has no driver.
Warning: Wire nerv_extended_wrapper.\event_exceptionInst [8] is used but has no driver.
Warning: Wire nerv_extended_wrapper.\event_exceptionInst [7] is used but has no driver.
Warning: Wire nerv_extended_wrapper.\event_exceptionInst [6] is used but has no driver.
Warning: Wire nerv_extended_wrapper.\event_exceptionInst [5] is used but has no driver.
Warning: Wire nerv_extended_wrapper.\event_exceptionInst [4] is used but has no driver.
Warning: Wire nerv_extended_wrapper.\event_exceptionInst [3] is used but has no driver.
Warning: Wire nerv_extended_wrapper.\event_exceptionInst [2] is used but has no driver.
Warning: Wire nerv_extended_wrapper.\event_exceptionInst [1] is used but has no driver.
Warning: Wire nerv_extended_wrapper.\event_exceptionInst [0] is used but has no driver.
Warning: Wire nerv_extended_wrapper.\uut.regfile is used but has no driver.
Warning: Wire nerv_extended_wrapper.\uut.rvfi_mem_rmask is used but has no driver.
Warning: Wire nerv_extended_wrapper.\uut.mem_wr_enable_q is used but has no driver.
Warning: Wire nerv_extended_wrapper.\uut.mem_rd_enable_q is used but has no driver.
Warning: Wire nerv_extended_wrapper.\imem_data [15] is used but has no driver.
Warning: Wire nerv_extended_wrapper.\imem_data [11] is used but has no driver.
Warning: Wire nerv_extended_wrapper.\imem_data [10] is used but has no driver.
Warning: Wire nerv_extended_wrapper.\imem_data [9] is used but has no driver.
Warning: Wire nerv_extended_wrapper.\imem_data [8] is used but has no driver.
Warning: Wire nerv_extended_wrapper.\imem_data [7] is used but has no driver.
Warning: Wire nerv_extended_wrapper.\imem_data [24] is used but has no driver.
Warning: Wire nerv_extended_wrapper.\imem_data [23] is used but has no driver.
Warning: Wire nerv_extended_wrapper.\imem_data [22] is used but has no driver.
Warning: Wire nerv_extended_wrapper.\imem_data [21] is used but has no driver.
Warning: Wire nerv_extended_wrapper.\imem_data [20] is used but has no driver.
Warning: Wire nerv_extended_wrapper.\imem_data [19] is used but has no driver.
Warning: Wire nerv_extended_wrapper.\imem_data [18] is used but has no driver.
Warning: Wire nerv_extended_wrapper.\imem_data [17] is used but has no driver.
Warning: Wire nerv_extended_wrapper.\imem_data [16] is used but has no driver.
Warning: Wire nerv_extended_wrapper.\imem_data [31] is used but has no driver.
Warning: Wire nerv_extended_wrapper.\imem_data [30] is used but has no driver.
Warning: Wire nerv_extended_wrapper.\imem_data [29] is used but has no driver.
Warning: Wire nerv_extended_wrapper.\imem_data [28] is used but has no driver.
Warning: Wire nerv_extended_wrapper.\imem_data [27] is used but has no driver.
Warning: Wire nerv_extended_wrapper.\imem_data [26] is used but has no driver.
Warning: Wire nerv_extended_wrapper.\imem_data [25] is used but has no driver.
Warning: Wire nerv_extended_wrapper.\imem_data [14] is used but has no driver.
Warning: Wire nerv_extended_wrapper.\imem_data [13] is used but has no driver.
Warning: Wire nerv_extended_wrapper.\imem_data [12] is used but has no driver.
Warning: Wire nerv_extended_wrapper.\imem_data [6] is used but has no driver.
Warning: Wire nerv_extended_wrapper.\imem_data [5] is used but has no driver.
Warning: Wire nerv_extended_wrapper.\imem_data [4] is used but has no driver.
Warning: Wire nerv_extended_wrapper.\imem_data [3] is used but has no driver.
Warning: Wire nerv_extended_wrapper.\imem_data [2] is used but has no driver.
Warning: Wire nerv_extended_wrapper.\imem_data [1] is used but has no driver.
Warning: Wire nerv_extended_wrapper.\imem_data [0] is used but has no driver.
Found and reported 119 problems.

10. Executing SETUNDEF pass (replace undef values with defined constants).

11. Executing OPT pass (performing simple optimizations).

11.1. Executing OPT_EXPR pass (perform const folding).
Optimizing module CheckerWithResult.
Optimizing module CheckerWrapper.
Optimizing module RiscvCore.
Optimizing module RiscvTrans.
Optimizing module nerv.
<suppressed ~4 debug messages>
Optimizing module nerv_extended_wrapper.

11.2. Executing OPT_MERGE pass (detect identical cells).
Finding identical cells in module `\CheckerWithResult'.
<suppressed ~195 debug messages>
Finding identical cells in module `\CheckerWrapper'.
Finding identical cells in module `\RiscvCore'.
Finding identical cells in module `\RiscvTrans'.
Finding identical cells in module `\nerv'.
Finding identical cells in module `\nerv_extended_wrapper'.
Removed a total of 67 cells.

11.3. Executing OPT_DFF pass (perform DFF optimizations).
Setting constant 1-bit at position 0 on $auto$async2sync.cc:112:execute$17456 ($ff) from module CheckerWithResult.

11.4. Executing OPT_CLEAN pass (remove unused cells and wires).
Finding unused cells or wires in module \CheckerWithResult..
Finding unused cells or wires in module \CheckerWrapper..
Finding unused cells or wires in module \RiscvCore..
Finding unused cells or wires in module \RiscvTrans..
Finding unused cells or wires in module \nerv..
Finding unused cells or wires in module \nerv_extended_wrapper..
Removed 96 unused cells and 232 unused wires.
<suppressed ~105 debug messages>

11.5. Rerunning OPT passes. (Removed registers in this run.)

11.6. Executing OPT_EXPR pass (perform const folding).
Optimizing module CheckerWithResult.
Optimizing module CheckerWrapper.
Optimizing module RiscvCore.
Optimizing module RiscvTrans.
Optimizing module nerv.
Optimizing module nerv_extended_wrapper.

11.7. Executing OPT_MERGE pass (detect identical cells).
Finding identical cells in module `\CheckerWithResult'.
Finding identical cells in module `\CheckerWrapper'.
Finding identical cells in module `\RiscvCore'.
Finding identical cells in module `\RiscvTrans'.
Finding identical cells in module `\nerv'.
Finding identical cells in module `\nerv_extended_wrapper'.
Removed a total of 0 cells.

11.8. Executing OPT_DFF pass (perform DFF optimizations).

11.9. Executing OPT_CLEAN pass (remove unused cells and wires).
Finding unused cells or wires in module \CheckerWithResult..
Finding unused cells or wires in module \CheckerWrapper..
Finding unused cells or wires in module \RiscvCore..
Finding unused cells or wires in module \RiscvTrans..
Finding unused cells or wires in module \nerv..
Finding unused cells or wires in module \nerv_extended_wrapper..

11.10. Finished fast OPT passes.

12. Executing OPT_CLEAN pass (remove unused cells and wires).
Finding unused cells or wires in module \CheckerWithResult..
Finding unused cells or wires in module \CheckerWrapper..
Finding unused cells or wires in module \RiscvCore..
Finding unused cells or wires in module \RiscvTrans..
Finding unused cells or wires in module \nerv..
Finding unused cells or wires in module \nerv_extended_wrapper..
Removed 0 unused cells and 51 unused wires.
<suppressed ~2 debug messages>

13. Executing RTLIL backend.
Output filename: ../model/design_prep.il

Warnings: 119 unique messages, 119 total
End of script. Logfile hash: d94d09aea0, CPU: user 3.20s system 0.09s, MEM: 114.67 MB peak
Yosys 0.46+124 (git sha1 d1695ad99, clang++ 14.0.0-1ubuntu1.1 -fPIC -O3)
Time spent: 47% 5x opt_clean (1 sec), 14% 1x check (0 sec), ...
