
 /----------------------------------------------------------------------------\
 |  yosys -- Yosys Open SYnthesis Suite                                       |
 |  Copyright (C) 2012 - 2024  Claire Xenia Wolf <claire@yosyshq.com>         |
 |  Distributed under an ISC-like license, type "license" to see terms        |
 \----------------------------------------------------------------------------/
 Yosys 0.46+124 (git sha1 d1695ad99, clang++ 14.0.0-1ubuntu1.1 -fPIC -O3)

-- Executing script file `design_smt2.ys' --

1. Executing RTLIL frontend.
Input filename: design_prep.il

2. Executing HIERARCHY pass (managing design hierarchy).

2.1. Analyzing design hierarchy..
Top module:  \nerv_extended_wrapper
Used module:     \nerv
Used module:     \CheckerWrapper
Used module:         \CheckerWithResult
Used module:             \RiscvCore
Used module:                 \RiscvTrans

2.2. Analyzing design hierarchy..
Top module:  \nerv_extended_wrapper
Used module:     \nerv
Used module:     \CheckerWrapper
Used module:         \CheckerWithResult
Used module:             \RiscvCore
Used module:                 \RiscvTrans
Removed 0 unused modules.
Module nerv_extended_wrapper directly or indirectly contains formal properties -> setting "keep" attribute.
Module CheckerWrapper directly or indirectly contains formal properties -> setting "keep" attribute.
Module CheckerWithResult directly or indirectly contains formal properties -> setting "keep" attribute.

3. Executing FORMALFF pass.

4. Executing DFFUNMAP pass (unmap clock enable and synchronous reset from FFs).

5. Printing statistics.

=== nerv_extended_wrapper ===

   Number of wires:                355
   Number of wire bits:           5272
   Number of public wires:         196
   Number of public wire bits:    4927
   Number of ports:                 54
   Number of port bits:           1388
   Number of memories:               0
   Number of memory bits:            0
   Number of processes:              0
   Number of cells:                309
     $add                            1
     $and                           62
     $anyinit                       37
     $anyseq                        70
     $assume                         5
     $eq                            39
     $ff                             1
     $le                             1
     $logic_and                      4
     $logic_not                      4
     $logic_or                       3
     $mux                           42
     $ne                             3
     $not                            2
     $pmux                           1
     $reduce_or                     31
     $shiftx                         1
     CheckerWrapper                  1
     nerv                            1

=== nerv ===

   Number of wires:               2329
   Number of wire bits:          61245
   Number of public wires:        1006
   Number of public wire bits:   35911
   Number of ports:                500
   Number of port bits:          15528
   Number of memories:               0
   Number of memory bits:            0
   Number of processes:              0
   Number of cells:               2133
     $add                           43
     $and                            4
     $anyinit                      474
     $anyseq                        20
     $assume                         1
     $eq                           244
     $ge                             2
     $logic_and                    228
     $logic_not                     13
     $logic_or                       8
     $lt                             4
     $mem_v2                         1
     $mux                          979
     $ne                             2
     $not                            2
     $or                             3
     $pmux                          44
     $reduce_bool                    4
     $reduce_or                     41
     $shl                            7
     $shr                            3
     $sshr                           2
     $sub                            2
     $xor                            2

=== RiscvTrans ===

   Number of wires:               5028
   Number of wire bits:         108587
   Number of public wires:        4910
   Number of public wire bits:  108469
   Number of ports:                158
   Number of port bits:           4614
   Number of memories:               0
   Number of memory bits:            0
   Number of processes:              0
   Number of cells:               3249
     $add                            7
     $and                           36
     $div                            2
     $eq                           164
     $ge                             2
     $logic_not                      9
     $lt                             6
     $mod                            2
     $mul                            3
     $mux                         2975
     $ne                             2
     $not                            2
     $or                            28
     $shl                            2
     $shr                            4
     $sshr                           2
     $sub                            1
     $xor                            2

=== RiscvCore ===

   Number of wires:                613
   Number of wire bits:          16927
   Number of public wires:         542
   Number of public wire bits:   14788
   Number of ports:                158
   Number of port bits:           4614
   Number of memories:               0
   Number of memory bits:            0
   Number of processes:              0
   Number of cells:                143
     $anyinit                       70
     $assume                         1
     $mux                           70
     $not                            1
     RiscvTrans                      1

=== CheckerWrapper ===

   Number of wires:                177
   Number of wire bits:           4953
   Number of public wires:         176
   Number of public wire bits:    4952
   Number of ports:                 88
   Number of port bits:           2476
   Number of memories:               0
   Number of memory bits:            0
   Number of processes:              0
   Number of cells:                  3
     $assume                         1
     $not                            1
     CheckerWithResult               1

=== CheckerWithResult ===

   Number of wires:                426
   Number of wire bits:           7270
   Number of public wires:         309
   Number of public wire bits:    7153
   Number of ports:                 88
   Number of port bits:           2476
   Number of memories:               0
   Number of memory bits:            0
   Number of processes:              0
   Number of cells:                176
     $and                            4
     $assert                        53
     $assume                         1
     $eq                            50
     $ff                            56
     $logic_not                      1
     $mux                            5
     $not                            2
     $or                             3
     RiscvCore                       1

=== design hierarchy ===

   nerv_extended_wrapper             1
     CheckerWrapper                  1
       CheckerWithResult             1
         RiscvCore                   1
           RiscvTrans                1
     nerv                            1

   Number of wires:               8928
   Number of wire bits:         204254
   Number of public wires:        7139
   Number of public wire bits:  176200
   Number of ports:               1046
   Number of port bits:          31096
   Number of memories:               0
   Number of memory bits:            0
   Number of processes:              0
   Number of cells:               6008
     $add                           51
     $and                          106
     $anyinit                      581
     $anyseq                        90
     $assert                        53
     $assume                         9
     $div                            2
     $eq                           497
     $ff                            57
     $ge                             4
     $le                             1
     $logic_and                    232
     $logic_not                     27
     $logic_or                      11
     $lt                            10
     $mem_v2                         1
     $mod                            2
     $mul                            3
     $mux                         4071
     $ne                             7
     $not                           10
     $or                            34
     $pmux                          45
     $reduce_bool                    4
     $reduce_or                     72
     $shiftx                         1
     $shl                            9
     $shr                            7
     $sshr                           4
     $sub                            3
     $xor                            4

6. Executing SMT2 backend.

6.1. Executing BMUXMAP pass.

6.2. Executing DEMUXMAP pass.
Creating SMT-LIBv2 representation of module RiscvTrans.
Creating SMT-LIBv2 representation of module nerv.
Creating SMT-LIBv2 representation of module RiscvCore.
Creating SMT-LIBv2 representation of module CheckerWithResult.
Creating SMT-LIBv2 representation of module CheckerWrapper.
Creating SMT-LIBv2 representation of module nerv_extended_wrapper.

End of script. Logfile hash: f2bb62ab56, CPU: user 0.52s system 0.02s, MEM: 38.86 MB peak
Yosys 0.46+124 (git sha1 d1695ad99, clang++ 14.0.0-1ubuntu1.1 -fPIC -O3)
Time spent: 83% 2x write_smt2 (0 sec), 13% 2x read_ilang (0 sec), ...
